2026-06-22 12:16:35,204 - MainThread - WARNING: Flask-SocketIO server for TiledViz up and running 
2026-06-22 12:16:37,512 - Dummy-2 - WARNING: session in grid : <SecureCookieSession {}> 
2026-06-22 12:16:37,513 - Dummy-2 - ERROR: You are not connected. You must login before using a grid.<SecureCookieSession {'_flashes': [('message', 'You are not connected. You must login before using a grid.')]}> 
2026-06-22 12:16:56,021 - Dummy-3 - WARNING: User llablanche try to connect. 
2026-06-22 12:17:21,632 - Dummy-4 - WARNING: User llablanche has loggined with 2FA code. 
2026-06-22 12:17:21,640 - Dummy-5 - WARNING: All projects and sessions for user llablanche 
2026-06-22 12:17:21,642 - Dummy-5 - WARNING: User id 1 
2026-06-22 12:17:45,418 - Dummy-6 - WARNING: All projects and sessions for user llablanche 
2026-06-22 12:17:45,419 - Dummy-6 - WARNING: User id 1 
2026-06-22 12:17:49,419 - Dummy-7 - WARNING: edittileset : {'oldtilesetid': 4} 
2026-06-22 12:17:53,720 - Dummy-8 - WARNING: edittileset : {'oldtilesetid': 4} 
2026-06-22 12:17:53,734 - Dummy-9 - WARNING: editconnection message={"oldtilesetid":4,"oldsessionname":"TestGearr"} 
2026-06-22 12:17:53,739 - Dummy-9 - ERROR: You (user 1) don't have connection information in your personal cookie for this connection : 2 
2026-06-22 12:17:53,743 - Dummy-10 - WARNING: edittileset : {'oldtilesetid': 4, 'oldsessionname': 'TestGearr'} 
2026-06-22 12:18:04,594 - Dummy-11 - WARNING: edittileset : {'oldtilesetid': 4, 'oldsessionname': 'TestGearr'} 
2026-06-22 12:18:04,605 - Dummy-12 - WARNING: editconnection message={"oldtilesetid":4,"oldsessionname":"TestGearr"} 
2026-06-22 12:18:04,609 - Dummy-12 - ERROR: You (user 1) don't have connection information in your personal cookie for this connection : 2 
2026-06-22 12:18:04,614 - Dummy-13 - WARNING: edittileset : {'oldtilesetid': 4, 'oldsessionname': 'TestGearr'} 
2026-06-22 12:18:13,112 - Dummy-14 - WARNING: edittileset : {'oldtilesetid': 4, 'oldsessionname': 'TestGearr'} 
2026-06-22 12:18:18,383 - Dummy-15 - WARNING: New connection created :2 
2026-06-22 12:18:18,404 - Dummy-15 - WARNING: Config files File : <FileStorage: '' ('application/octet-stream')>  
2026-06-22 12:18:18,404 - Dummy-15 - WARNING: Configuration files for TileSet WorkingGearTest : {"config.tar": "/TiledViz/TVFiles/1/3/13qm4n4d", "test_job.py": "/TiledViz/TVFiles/1/3/mo0v6dhy"}  
2026-06-22 12:18:18,404 - Dummy-15 - WARNING: Configuration files for connection 3 : {"": "/TiledViz/TVFiles/1/3/e1hmf993"}  
2026-06-22 12:18:18,410 - Dummy-15 - WARNING: Go to vnc with path /home/connect3/vncpassword 
2026-06-22 12:18:18,412 - Dummy-15 - WARNING: addconnection: llablanche ; pc96.mdls.fr ; ssh ; docker_swarm ; none ; 4 ; 3 ; 1 ; 0 
2026-06-22 12:18:28,414 - Dummy-15 - WARNING: addconnection in session :  {"callfunction":"edittileset","args":{"oldsessionname":"TestGearr","oldtilesetid":"4"}, "vncpassword":"0EsR-2S3"} 
2026-06-22 12:18:28,414 - Dummy-15 - WARNING: Go to vncconnection : /vncconnection?message=%7B%22oldtilesetid%22:4,%22connectionid%22:3,%22sessionname%22:%22TestGearr%22%7D 
2026-06-22 12:18:28,419 - Dummy-16 - WARNING: Enter in connection. 
2026-06-22 12:18:28,424 - Dummy-16 - WARNING: PORT VNC :21272 
2026-06-22 12:19:23,172 - Dummy-17 - WARNING: Enter in connection. 
2026-06-22 12:19:23,177 - Dummy-17 - WARNING: PORT VNC :21272 
2026-06-22 12:19:23,178 - Dummy-17 - WARNING: in POST 
2026-06-22 12:19:23,178 - Dummy-17 - WARNING: killconnection: llablanche ; 4 ; 3 
2026-06-22 12:19:23,178 - Dummy-17 - WARNING: out_nodes_json after vncconnection.html :/TiledViz/TVFiles/1/3/nodes.json 
2026-06-22 12:19:28,179 - Dummy-17 - WARNING: nodes.json read and OK /TiledViz/TVFiles/1/3/nodes.json 
2026-06-22 12:19:28,184 - Dummy-18 - WARNING: edittileset : {'oldsessionname': 'TestGearr', 'oldtilesetid': '4'} 
2026-06-22 12:19:32,874 - Dummy-19 - WARNING: edittileset : {'oldsessionname': 'TestGearr', 'oldtilesetid': '4'} 
2026-06-22 12:19:32,968 - Dummy-19 - WARNING: 0 add tile 15 
